
// Data memory
00000000
00000000
00000000
00000000
00000000

// Skip to bootloader start
@40

// Instruction contents


// And r0 r1 -> r3
4001000c
006c0000

// Or r0 r1 -> r4
4401000c
008c0000

// != r0 r1 -> r5
4801000c
00ac0000

// == r2 r4 -> r6
5044000c
00cc0000

// Not r1 -> r7
5820000c
00ec0000

// Negate r1 -> r8
5c20000c
010c0000

// == r1 0xff0 -> r9
54200ff0
012c0000

// != r1 0xf0f -> r4
4c200f0f
008c0000

// clear out
d800000

