// Register file contents

00000f0f // Register 0
00000ff0
00000fff
00000f00
00000001
00000001
00000001
00000000
fffff00f
00000001 // Register 9
00000144 // Instruction pointer
0000000c // Stack pointer
00000000 // ALU out register
0000000e // Return address register
0000000f // Frame pointer
00000010 // Static address pointer
00000020 // Reserved
00000030
00000040
00000050
00000060
00000070
00000080
00000090
000000a0
000000b0
000000c0
000000d0
000000e0
000000f0
00000100
00000200
